=== generator (last 5 lines) ===
        *) filtered+=("\$a") ;;
    esac
done
exec "$REAL_CURL" "\${filtered[@]}"
HOOK_EOF

=== running ===

=== generated wrapper ===
#!/bin/bash
# Wrapper auto-generated by install.sh to satisfy DOWNLOAD POLICY:
# every download must show progress (% / speed / ETA). Drops the
# terse `--progress-bar` flag so curl's default meter prints.
# Bash (not sh) because we use an array — dash lacks printf %q and
# the previous eval-based variant blew up on Mint/Ubuntu (#bterm-curl-hook).
filtered=()
for a in "$@"; do
    case "$a" in
        --progress-bar|-#) ;;          # drop terse progress flags
        --silent|-s)        ;;          # drop silent flags
        *) filtered+=("$a") ;;
    esac
done
exec "/usr/bin/curl" "${filtered[@]}"

=== bash -n ===
OK

=== functional: --progress-bar -s -fsL example.com ===
  % Total    % Received % Xferd  Average Speed   Time    Time     Time  Current
                                 Dload  Upload   Total   Spent    Left  Speed
exit=0
