=== wizard E2E with screenshots (2026-05-08T11:35:05Z) ===
VM: vm-test  Path: /home/michal/BTerminal  Modes: install
Screenshots: /home/bartek/workspace/ssh_client/smoke-logs/wizard-e2e/screenshots

=== install mode ===
  [32m✓[0m install: wizard window appeared
  [32m✓[0m screenshot: install-01-welcome → 133509-install-01-welcome.png
  [32m✓[0m screenshot: install-02-welcome-license-accepted → 133511-install-02-welcome-license-accepted.png
  [32m✓[0m screenshot: install-03-inventory → 133515-install-03-inventory.png
  [32m✓[0m install: advanced past welcome (license accepted)
  [32m✓[0m screenshot: install-04-picks → 133518-install-04-picks.png
  [32m✓[0m install: sudo dialog appeared
  [32m✓[0m screenshot: install-05-sudo-prompt → 133522-install-05-sudo-prompt.png
  [32m✓[0m screenshot: install-progress-133557 → 133557-install-progress-133557.png
  [32m✓[0m screenshot: install-progress-133628 → 133628-install-progress-133628.png
  [32m✓[0m screenshot: install-progress-133659 → 133659-install-progress-133659.png
  [32m✓[0m install: install.log shows final status
  [32m✓[0m screenshot: install-99-summary → 133702-install-99-summary.png
  [32m✓[0m install: install.log captured (89 lines)
  [32m✓[0m install: no [FAIL] entries in install.log
  [32m✓[0m install: post-install verification passed
  [32m✓[0m install: post-state probes pass (launcher + package)

=== Summary ===
Total: 17   passed: 17   failed: 0
Screenshots: /home/bartek/workspace/ssh_client/smoke-logs/wizard-e2e/screenshots (68 files)
