=== wizard E2E with screenshots (2026-05-08T13:10:42Z) ===
VM: vm-test  Path: /home/michal/BTerminal  Modes: install
Screenshots: /home/bartek/workspace/ssh_client/smoke-logs/wizard-e2e/screenshots

=== install mode ===
  [32m✓[0m install: wizard window appeared
  [32m✓[0m screenshot: install-01-welcome → 151046-install-01-welcome.png
  [32m✓[0m screenshot: install-02-welcome-license-accepted → 151049-install-02-welcome-license-accepted.png
  [32m✓[0m screenshot: install-03-inventory → 151052-install-03-inventory.png
  [32m✓[0m install: advanced past welcome (license accepted)
  [32m✓[0m screenshot: install-04-picks → 151056-install-04-picks.png
  [32m✓[0m install: sudo dialog appeared
  [32m✓[0m screenshot: install-05-sudo-prompt → 151100-install-05-sudo-prompt.png
  [32m✓[0m screenshot: install-progress-151135 → 151135-install-progress-151135.png
  [32m✓[0m screenshot: install-progress-151206 → 151206-install-progress-151206.png
  [32m✓[0m install: install.log shows final status
  [32m✓[0m screenshot: install-99-summary → 151210-install-99-summary.png
  [32m✓[0m install: install.log captured (79 lines)
  [32m✓[0m install: no [FAIL] entries in install.log
  [32m✓[0m install: post-install verification passed
  [32m✓[0m install: post-state probes pass (launcher + package)

=== Summary ===
Total: 16   passed: 16   failed: 0
Screenshots: /home/bartek/workspace/ssh_client/smoke-logs/wizard-e2e/screenshots (148 files)
