=== wizard E2E with screenshots (2026-05-08T10:52:59Z) ===
VM: vm-test  Path: /home/michal/BTerminal  Modes: install
Screenshots: /home/bartek/workspace/ssh_client/smoke-logs/wizard-e2e/screenshots

=== install mode ===
  [32m✓[0m install: wizard window appeared
  [32m✓[0m screenshot: install-01-welcome → 125302-install-01-welcome.png
  [32m✓[0m screenshot: install-02-welcome-license-accepted → 125304-install-02-welcome-license-accepted.png
  [31m✗[0m install: did not advance to inventory page
  [32m✓[0m screenshot: install-03-inventory → 125317-install-03-inventory.png
  [32m✓[0m screenshot: install-04-picks → 125321-install-04-picks.png
  [31m✗[0m install: sudo dialog never appeared
  [31m✗[0m install: did not reach summary in 10 min
  [32m✓[0m screenshot: install-99-stuck → 130335-install-99-stuck.png
  [32m✓[0m install: install.log captured (60 lines)
  [32m✓[0m install: no [FAIL] entries in install.log
  [32m✓[0m install: post-install verification passed
  [31m✗[0m install: post-state probes FAIL — BT not installed

=== Summary ===
Total: 13   passed: 9   failed: 4
Screenshots: /home/bartek/workspace/ssh_client/smoke-logs/wizard-e2e/screenshots (9 files)
Failed:
  - install: did not advance to inventory page
  - install: sudo dialog never appeared
  - install: did not reach summary in 10 min
  - install: post-state probes FAIL — BT not installed
