[vm_sync] /home/bartek/workspace/ssh_client/  →  vm-test:/home/michal/BTerminal/
sending incremental file list
./
README.md
errata.json
install.sh
bterminal/
bterminal/__init__.py
bterminal/__main__.py
bterminal/app.py
bterminal/config.py
bterminal/debug_rest.py
bterminal/helpers.py
bterminal/models.py
bterminal/updater.py
bterminal/ctx/
bterminal/ctx/dialogs.py
bterminal/ctx/helpers.py
bterminal/ui/
bterminal/ui/sidebar.py
bterminal/ui/stats.py
bterminal/ui/terminal_tab.py
bterminal/ui/dialogs/
bterminal/ui/dialogs/claude_code.py
bterminal/ui/dialogs/options.py
bterminal/ui/panels/
bterminal/ui/panels/files.py
bterminal/ui/panels/memory.py
bterminal/ui/panels/skills.py
docs/
docs/test-coverage-matrix.md
locale/cs/LC_MESSAGES/
locale/cs/LC_MESSAGES/bterminal.mo
locale/de/LC_MESSAGES/
locale/de/LC_MESSAGES/bterminal.mo
locale/es/LC_MESSAGES/
locale/es/LC_MESSAGES/bterminal.mo
locale/fr/LC_MESSAGES/
locale/fr/LC_MESSAGES/bterminal.mo
locale/it/LC_MESSAGES/
locale/it/LC_MESSAGES/bterminal.mo
locale/ja/LC_MESSAGES/
locale/ja/LC_MESSAGES/bterminal.mo
locale/ko/LC_MESSAGES/
locale/ko/LC_MESSAGES/bterminal.mo
locale/pl/LC_MESSAGES/
locale/pl/LC_MESSAGES/bterminal.mo
locale/pt/LC_MESSAGES/
locale/pt/LC_MESSAGES/bterminal.mo
locale/ru/LC_MESSAGES/
locale/ru/LC_MESSAGES/bterminal.mo
locale/uk/LC_MESSAGES/
locale/uk/LC_MESSAGES/bterminal.mo
locale/zh/LC_MESSAGES/
locale/zh/LC_MESSAGES/bterminal.mo
smoke-logs/update-vm/
tests/
tests/conftest.py
tests/test_app.py
tests/test_config.py
tests/test_ctx_helpers.py
tests/test_idle_timeout.py
tests/test_legacy_shim.py
tests/test_updater.py
tests/e2e/
tests/e2e/test_per_tab_plugin_gating.py
tests/e2e/test_smoke_battery.py
tools/
tools/ctx
tools/memory_wizard
tools/mock_ai_cli
tools/tasks
tools/test_all.sh

sent 57.468 bytes  received 8.002 bytes  43.646,67 bytes/sec
total size is 106.253.151  speedup is 1.622,93
[vm_sync] OK
